// Vitest Snapshot v1, https://vitest.dev/guide/snapshot.html

exports[`Counter prove > Should match snapshot 1`] = `
<div>
  <div
    class="text-center"
    data-testid="div-id"
  >
    <h1
      class="text-3xl font-medium mb-4"
      data-testid="h1-id"
    >
      Counter
    </h1>
    <h1
      class="text-3xl font-medium mb-4"
    >
      Counter
    </h1>
    <div
      class="flex flex-col items-center gap-4 w-fit bg-gray-300 p-4 shadow-sm rounded-sm"
    >
      <div
        class="text-2xl bg-gray-100 w-full text-center rounded-sm inset-shadow-2xs font-medium"
      >
        1
      </div>
      <div
        class="flex justify-between w-full"
      >
        <button
          class="btn bg-green-400 text-white"
        >
          Increase
        </button>
        <button
          class="btn bg-purple-400 text-white"
        >
          Auto-increase
        </button>
        <button
          class="btn bg-orange-400 text-white"
        >
          Decrease
        </button>
        <button
          class="btn bg-red-500 text-white"
        >
          Reset
        </button>
      </div>
    </div>
  </div>
</div>
`;
